2026-06-01 00:30:03 [WARNING] discord.client: PyNaCl is not installed, voice will NOT be supported
2026-06-01 00:30:03 [WARNING] discord.client: davey is not installed, voice will NOT be supported
2026-06-01 00:30:33 [INFO] henxi: Database initialized: bot_data.db
2026-06-01 00:30:33 [INFO] henxi: 🚀 Starting Discord quest bot...
2026-06-01 00:30:33 [INFO] henxi: 📡 Commands: /quest, /queststat, /questlist, /stopquest, /helpquest
2026-06-01 00:30:34 [WARNING] discord.client: PyNaCl is not installed, voice will NOT be supported
2026-06-01 00:30:34 [WARNING] discord.client: davey is not installed, voice will NOT be supported
2026-06-01 00:30:34 [INFO] henxi: 📦 Database initialized
2026-06-01 00:30:34 [INFO] henxi: 🚀 Starting quest bot...
2026-06-01 00:30:41 [INFO] henxi: Database initialized: bot_data.db
2026-06-01 00:30:41 [INFO] henxi: 🚀 Starting Discord quest bot...
2026-06-01 00:30:41 [INFO] henxi: 📡 Commands: /quest, /queststat, /questlist, /stopquest, /helpquest
2026-06-01 00:30:41 [WARNING] discord.client: PyNaCl is not installed, voice will NOT be supported
2026-06-01 00:30:41 [WARNING] discord.client: davey is not installed, voice will NOT be supported
2026-06-01 00:30:41 [INFO] henxi: 📦 Database initialized
2026-06-01 00:30:41 [INFO] henxi: 🚀 Starting quest bot...
2026-06-01 00:32:36 [INFO] henxi: Database initialized: bot_data.db
2026-06-01 00:32:36 [INFO] henxi: 🚀 Starting Discord quest bot...
2026-06-01 00:32:36 [INFO] henxi: 📡 Commands: /quest, /queststat, /questlist, /stopquest, /helpquest
2026-06-01 00:32:37 [WARNING] discord.client: PyNaCl is not installed, voice will NOT be supported
2026-06-01 00:32:37 [WARNING] discord.client: davey is not installed, voice will NOT be supported
2026-06-01 00:32:37 [INFO] henxi: 📦 Database initialized
2026-06-01 00:32:37 [INFO] henxi: 🚀 Starting quest bot...
2026-06-01 00:32:37 [INFO] discord.client: logging in using static token
2026-06-01 00:32:39 [INFO] discord.gateway: Shard ID None has connected to Gateway (Session ID: fab2b502a1549441269877357b12ea2a).
2026-06-01 00:32:41 [INFO] henxi: ✅ Bot online: Hwan#4133 (ID: 1510189730191511622)
2026-06-01 00:32:42 [INFO] henxi: 🔧 Commands synced
